// Vitest Snapshot v1, https://vitest.dev/guide/snapshot.html

exports[`Main entry point (src/index.ts) > should match the public API snapshot to prevent unintentional changes 1`] = `
[
  "AdapterTransport",
  "ClassicConsoleTransport",
  "CompactConsoleTransport",
  "ConsoleTransport",
  "MaskingEngine",
  "MockBrokerAdapter",
  "MockHttpClient",
  "MockSerializerRegistry",
  "PrettyConsoleTransport",
  "SanitizationEngine",
  "SpyTransport",
  "SyntropyLog",
  "Transport",
  "UniversalAdapter",
  "UniversalLogFormatter",
  "syntropyLog",
]
`;
