// Vitest Snapshot v1, https://vitest.dev/guide/snapshot.html

exports[`Main entry point (src/index.ts) > should match the public API snapshot to prevent unintentional changes 1`] = `
[
  "AdapterTransport",
  "ClassicConsoleTransport",
  "ColorfulConsoleTransport",
  "CompactConsoleTransport",
  "ConsoleTransport",
  "DEFAULT_VALUES",
  "MASK_KEYS_ALL",
  "MASK_KEYS_PASSWORD",
  "MASK_KEYS_TOKEN",
  "MASK_KEY_ACCESSTOKEN",
  "MASK_KEY_ACCESS_TOKEN",
  "MASK_KEY_APIKEY",
  "MASK_KEY_API_KEY",
  "MASK_KEY_AUTH",
  "MASK_KEY_AUTHORIZATION",
  "MASK_KEY_AUTH_TOKEN",
  "MASK_KEY_BEARER",
  "MASK_KEY_CLIENTSECRET",
  "MASK_KEY_CONNECTION_STRING",
  "MASK_KEY_CREDENTIAL",
  "MASK_KEY_CREDENTIALID",
  "MASK_KEY_CREDENTIAL_ID",
  "MASK_KEY_JWT",
  "MASK_KEY_KEY",
  "MASK_KEY_PASS",
  "MASK_KEY_PRIVATEKEY",
  "MASK_KEY_PRIVATE_KEY",
  "MASK_KEY_PWD",
  "MASK_KEY_PWD_ALT",
  "MASK_KEY_REFRESHTOKEN",
  "MASK_KEY_REFRESH_TOKEN",
  "MASK_KEY_SEC",
  "MASK_KEY_SENTINELPWD",
  "MASK_KEY_SESSIONID",
  "MASK_KEY_SESSION_ID",
  "MASK_KEY_TOK",
  "MASK_KEY_WALLET_LOCATION",
  "MaskingEngine",
  "MaskingStrategy",
  "PrettyConsoleTransport",
  "SanitizationEngine",
  "SerializationComplexity",
  "SerializationManager",
  "SpyTransport",
  "SyntropyLog",
  "Transport",
  "UniversalAdapter",
  "UniversalLogFormatter",
  "getDefaultMaskingRules",
  "maskEnum",
  "syntropyLog",
]
`;
